Python 3.10.7 (tags/v3.10.7:6cc6b13, Sep  5 2022, 14:08:36) [MSC v.1933 64 bit (AMD64)] on win32
Type "help", "copyright", "credits" or "license()" for more information.

============ RESTART: G:\GlycoMSParser\2024review\msprawextractor.py ===========
Selected raw file: E:/rawfiles/zf_sPerMeOG_intestine.raw
[debug] need to create debug logs when debug is set to True.
[debug] Also need a readable log that records needed information and the operation can be reproduced when loading that record.
[debug add debug log and record log in debug block]
[debug]: start calculate time spent for converting data
Extraction finished.
[debug]Raw file has been closed.
[debug]Preparing information for writing...
[debug]Time spent for extraction: 272 seconds.
Enter title of this experiment. For example 'human T cells'.
zebrafish extracted glycans
Enter details of this experiment. For example 'SiaT KO test'
zebrafish permethylated intestine O-glycan for validating 2017 natcomm paper from Yann
Enter your name so other knows who did the analysis.
Huan-Chuan TSENG
Enter the date when the raw file was obtained in YYYY/MM/DD format. For example '20240229'.
20190506
Enter glycan type of analysis. (N/O/GL/N+O/others).
O
Enter mass spec detection mode (+/-)+
Please decide format for saving extracted file. (A/a/arff) for arff format, (C/c/csv) or leave it blank will generate csv file.
Enter the name you want to save for this project or batch of analysis.
zebrafish_Yann_glycome
writing to csv...
[debug]Finished exported ms2_zebrafish_Yann_glycome_20240731_zf_sPerMeOG_intestine.raw.csv from raw data
[debug]Time spent for extraction: 7.984472751617432 seconds.
MS2 export ms2_zebrafish_Yann_glycome_20240731_zf_sPerMeOG_intestine.raw.csv has finished
writing to csv...
[debug]Finished exported ms3_zebrafish_Yann_glycome_20240731_zf_sPerMeOG_intestine.raw.csv from raw data
[debug]Time spent for extraction: 0.0 seconds.
MS3 export ms3_zebrafish_Yann_glycome_20240731_zf_sPerMeOG_intestine.raw.csv has finished
[debug] Export debug logs...
Extraction finished
